LTspice 26.0.1 for Windows
Circuit: C:\Users\karlh\AmplifierSkripsie\Spice Designs\P3A Original\Draft2.net
Start Time: Fri May 22 21:16:21 2026
solver = Normal
Maximum thread count: 16
tnom = 27
temp = 27
method = trap
Direct Newton iteration failed to find operating point.
Starting Gmin stepping
Gmin stepping succeeded in finding the operating point.

Total elapsed time: 0.640 seconds.

Files loaded:
C:\Users\karlh\AmplifierSkripsie\Spice Designs\P3A Original\Draft2.net
C:\Users\karlh\AppData\Local\LTspice\lib\cmp\standard.dio
C:\Users\karlh\AppData\Local\LTspice\lib\cmp\standard.bjt

Fourier components of V(Out)
N-Period=1
DC component:-0.0583022

Harmonic	Frequency	 Fourier 	Normalized	 Phase  	Normalized
 Number 	  [Hz]   	Component	 Component	[degree]	Phase [deg]
    1   	 1.000e+03	 3.091e+01	 1.000e+00	   89.99°	    0.00°
    2   	 2.000e+03	 2.530e-02	 8.186e-04	  -70.95°	 -160.93°
    3   	 3.000e+03	 7.278e-02	 2.355e-03	  -76.35°	 -166.33°
    4   	 4.000e+03	 2.360e-02	 7.634e-04	  -96.32°	 -186.31°
    5   	 5.000e+03	 4.429e-02	 1.433e-03	  -25.98°	 -115.96°
    6   	 6.000e+03	 8.651e-03	 2.799e-04	 -108.78°	 -198.77°
    7   	 7.000e+03	 2.584e-02	 8.360e-04	   99.74°	    9.75°
    8   	 8.000e+03	 1.615e-03	 5.224e-05	  131.52°	   41.53°
    9   	 9.000e+03	 8.393e-03	 2.715e-04	  178.42°	   88.44°
Partial Harmonic Distortion: 0.311524%
Total Harmonic Distortion:   0.373854%

