2026-06-16 18:26:06,861 [INFO] Activator:176 - 


2026-06-16 18:26:06,868 [INFO] Activator:177 - !SESSION log4j initialized
2026-06-16 18:26:13,221 [INFO] LogOutputStream:77 - [STDOUT_REDIRECT] 
2026-06-16 18:26:14,111 [INFO] ApplicationProperties:184 - Using Application install path: C:\ST\STM32CubeIDE_1.19.0\STM32CubeIDE\plugins\com.st.stm32cube.common.mx_6.15.0.202507011659
2026-06-16 18:26:14,133 [INFO] DbMcusXml:78 - Set database path to: C:\ST\STM32CubeIDE_1.19.0\STM32CubeIDE\plugins\com.st.stm32cube.common.mx_6.15.0.202507011659\\db\/mcu/
2026-06-16 18:26:14,134 [INFO] ApiDb:274 - Set plugin database path to: C:\ST\STM32CubeIDE_1.19.0\STM32CubeIDE\plugins\com.st.stm32cube.common.mx_6.15.0.202507011659\\db\/plugins/boardmanager/
2026-06-16 18:26:14,134 [WARN] ApiDb:259 - Overriding images path with different value:  => C:\ST\STM32CubeIDE_1.19.0\STM32CubeIDE\plugins\com.st.stm32cube.common.mx_6.15.0.202507011659\\db\/plugins/mcufinder/images/
2026-06-16 18:26:14,150 [INFO] ApiDb:250 - Set database path to: C:\Users\karlh\.stmcufinder\plugins\mcufinder//mcu/
2026-06-16 18:26:14,152 [INFO] DbMcusAds:125 - Set database path to: C:\Users\karlh\.stmcufinder\plugins\mcufinder//mcu/
2026-06-16 18:26:14,157 [INFO] CrossReferenceDbSqlite:203 - Set database path to: C:\Users\karlh\.stmcufinder\plugins\mcufinder//mcu/cs/
2026-06-16 18:26:14,287 [INFO] RulesReader:64 - Compatibility file has been processed (317 Rules)
2026-06-16 18:26:14,395 [INFO] DbMcusXml:78 - Set database path to: C:\ST\STM32CubeIDE_1.19.0\STM32CubeIDE\plugins\com.st.stm32cube.common.mx_6.15.0.202507011659\\db\/mcu/
2026-06-16 18:26:14,395 [INFO] ApiDb:274 - Set plugin database path to: C:\ST\STM32CubeIDE_1.19.0\STM32CubeIDE\plugins\com.st.stm32cube.common.mx_6.15.0.202507011659\\db\/plugins/boardmanager/
2026-06-16 18:26:14,395 [INFO] ApiDb:261 - Set plugin images path to: C:\ST\STM32CubeIDE_1.19.0\STM32CubeIDE\plugins\com.st.stm32cube.common.mx_6.15.0.202507011659\\db\/plugins/mcufinder/images/
2026-06-16 18:26:14,396 [WARN] DbFile:41 - Overriding database path with different value: C:\Users\karlh\.stmcufinder\plugins\mcufinder/ => C:\Users\karlh\.stmcufinder\plugins\mcufinder
2026-06-16 18:26:14,396 [INFO] ApiDb:250 - Set database path to: C:\Users\karlh\.stmcufinder\plugins\mcufinder//mcu/
2026-06-16 18:26:14,396 [WARN] DbFile:41 - Overriding database path with different value: C:\Users\karlh\.stmcufinder\plugins\mcufinder/ => C:\Users\karlh\.stmcufinder\plugins\mcufinder
2026-06-16 18:26:14,396 [INFO] DbMcusAds:125 - Set database path to: C:\Users\karlh\.stmcufinder\plugins\mcufinder//mcu/
2026-06-16 18:26:14,396 [WARN] DbFile:41 - Overriding database path with different value: C:\Users\karlh\.stmcufinder\plugins\mcufinder/ => C:\Users\karlh\.stmcufinder\plugins\mcufinder
2026-06-16 18:26:14,396 [WARN] DbFile:41 - Overriding database path with different value: C:\Users\karlh\.stmcufinder\plugins\mcufinder/ => C:\Users\karlh\.stmcufinder\plugins\mcufinder
2026-06-16 18:26:14,396 [INFO] CrossReferenceDbSqlite:203 - Set database path to: C:\Users\karlh\.stmcufinder\plugins\mcufinder//mcu/cs/
2026-06-16 18:26:14,492 [INFO] MainPanel:274 - HeapMemory: 268435456
2026-06-16 18:26:14,641 [INFO] DbMcusXml:78 - Set database path to: C:\ST\STM32CubeIDE_1.19.0\STM32CubeIDE\plugins\com.st.stm32cube.common.mx_6.15.0.202507011659\\db\/mcu/
2026-06-16 18:26:14,641 [INFO] ApiDb:274 - Set plugin database path to: C:\ST\STM32CubeIDE_1.19.0\STM32CubeIDE\plugins\com.st.stm32cube.common.mx_6.15.0.202507011659\\db\/plugins/boardmanager/
2026-06-16 18:26:14,641 [INFO] ApiDb:261 - Set plugin images path to: C:\ST\STM32CubeIDE_1.19.0\STM32CubeIDE\plugins\com.st.stm32cube.common.mx_6.15.0.202507011659\\db\/plugins/mcufinder/images/
2026-06-16 18:26:14,641 [WARN] DbFile:41 - Overriding database path with different value: C:\Users\karlh\.stmcufinder\plugins\mcufinder/ => C:\Users\karlh\.stmcufinder\plugins\mcufinder
2026-06-16 18:26:14,641 [INFO] ApiDb:250 - Set database path to: C:\Users\karlh\.stmcufinder\plugins\mcufinder//mcu/
2026-06-16 18:26:14,641 [WARN] DbFile:41 - Overriding database path with different value: C:\Users\karlh\.stmcufinder\plugins\mcufinder/ => C:\Users\karlh\.stmcufinder\plugins\mcufinder
2026-06-16 18:26:14,641 [INFO] DbMcusAds:125 - Set database path to: C:\Users\karlh\.stmcufinder\plugins\mcufinder//mcu/
2026-06-16 18:26:14,641 [WARN] DbFile:41 - Overriding database path with different value: C:\Users\karlh\.stmcufinder\plugins\mcufinder/ => C:\Users\karlh\.stmcufinder\plugins\mcufinder
2026-06-16 18:26:14,641 [WARN] DbFile:41 - Overriding database path with different value: C:\Users\karlh\.stmcufinder\plugins\mcufinder/ => C:\Users\karlh\.stmcufinder\plugins\mcufinder
2026-06-16 18:26:14,642 [INFO] CrossReferenceDbSqlite:203 - Set database path to: C:\Users\karlh\.stmcufinder\plugins\mcufinder//mcu/cs/
2026-06-16 18:26:14,663 [INFO] ApplicationProperties:184 - Using Application install path: C:\ST\STM32CubeIDE_1.19.0\STM32CubeIDE\plugins\com.st.stm32cube.common.mx_6.15.0.202507011659
2026-06-16 18:26:14,664 [INFO] PluginManage:196 - Search for loadable plugins [exclusion list=, ]
2026-06-16 18:26:14,666 [INFO] PluginManage:310 - Check plugin analytics
2026-06-16 18:26:14,874 [INFO] AnalyticsPlugin:253 - Accepted Software Licenses: 
2026-06-16 18:26:14,875 [INFO] AnalyticsPlugin:255 - Accepted CMSIS Pack Licenses: 
2026-06-16 18:26:14,875 [INFO] AnalyticsPlugin:257 - Accepted Firmware Licenses: FW.F4.1.28.0,FW.F4.1.27.0,FW.G0.1.6.0
2026-06-16 18:26:14,880 [INFO] PluginManage:359 - Loaded plugin analytics (category:tool,tabindex:-1)
2026-06-16 18:26:14,881 [INFO] PluginManage:310 - Check plugin cadmodel
2026-06-16 18:26:14,889 [INFO] CADModel:105 - Init CAD model plugin
2026-06-16 18:26:14,889 [INFO] PluginManage:359 - Loaded plugin cadmodel (category:power,tabindex:5)
2026-06-16 18:26:14,889 [INFO] PluginManage:310 - Check plugin clock
2026-06-16 18:26:14,904 [INFO] PluginManage:359 - Loaded plugin clock (category:base,tabindex:2)
2026-06-16 18:26:14,905 [INFO] PluginManage:310 - Check plugin ddr
2026-06-16 18:26:14,910 [INFO] PluginManage:359 - Loaded plugin ddr (category:tool,tabindex:6)
2026-06-16 18:26:14,910 [INFO] PluginManage:310 - Check plugin filemanager
2026-06-16 18:26:15,124 [INFO] PluginManage:359 - Loaded plugin filemanager (category:base,tabindex:10)
2026-06-16 18:26:15,125 [INFO] PluginManage:310 - Check plugin ipmanager
2026-06-16 18:26:15,134 [INFO] PluginManage:359 - Loaded plugin ipmanager (category:base,tabindex:5)
2026-06-16 18:26:15,134 [INFO] PluginManage:310 - Check plugin lpbam
2026-06-16 18:26:15,144 [INFO] PluginManage:359 - Loaded plugin lpbam (category:base,tabindex:0)
2026-06-16 18:26:15,144 [INFO] PluginManage:310 - Check plugin memorymap
2026-06-16 18:26:15,165 [INFO] PluginManage:359 - Loaded plugin memorymap (category:base,tabindex:4)
2026-06-16 18:26:15,165 [INFO] PluginManage:310 - Check plugin pinoutandconfiguration
2026-06-16 18:26:15,180 [INFO] PluginManage:359 - Loaded plugin pinoutandconfiguration (category:base,tabindex:1)
2026-06-16 18:26:15,180 [INFO] PluginManage:310 - Check plugin pinoutconfig
2026-06-16 18:26:15,295 [WARN] SupportedApi:132 - Cannot load RTOS API schema: s4s-elt-must-match.1: The content of 'definitions' must match (annotation?, (simpleType | complexType)?, (unique | key | keyref)*)). A problem was found starting at: attribute.
2026-06-16 18:26:15,454 [INFO] PluginManage:359 - Loaded plugin pinoutconfig (category:base,tabindex:0)
2026-06-16 18:26:15,454 [INFO] PluginManage:310 - Check plugin power
2026-06-16 18:26:15,466 [INFO] PluginManage:359 - Loaded plugin power (category:power,tabindex:4)
2026-06-16 18:26:15,466 [INFO] PluginManage:310 - Check plugin projectmanager
2026-06-16 18:26:15,486 [INFO] PluginManage:359 - Loaded plugin projectmanager (category:projectmanager,tabindex:4)
2026-06-16 18:26:15,486 [INFO] PluginManage:310 - Check plugin rif
2026-06-16 18:26:15,498 [INFO] PluginManage:359 - Loaded plugin rif (category:base,tabindex:3)
2026-06-16 18:26:15,498 [INFO] PluginManage:310 - Check plugin thirdparty
2026-06-16 18:26:15,654 [INFO] PluginManage:359 - Loaded plugin thirdparty (category:base,tabindex:-1)
2026-06-16 18:26:15,654 [WARN] IntegrityCheckThread:84 - waiting for thirdparty lock release [integrity check]
2026-06-16 18:26:15,654 [INFO] PluginManage:310 - Check plugin tools
2026-06-16 18:26:15,654 [INFO] IntegrityCheckThread:86 - entering critical section [integrity check]
2026-06-16 18:26:15,656 [INFO] ThirdPartyUpdaterWithRetryManager:70 - Updater plugin not ready yet. [1/15]
2026-06-16 18:26:15,658 [INFO] PluginManage:359 - Loaded plugin tools (category:base,tabindex:7)
2026-06-16 18:26:15,659 [INFO] PluginManage:310 - Check plugin tutovideos
2026-06-16 18:26:15,918 [INFO] PluginManage:359 - Loaded plugin tutovideos (category:base,tabindex:-1)
2026-06-16 18:26:15,918 [INFO] PluginManage:310 - Check plugin updater
2026-06-16 18:26:15,941 [INFO] PluginManage:359 - Loaded plugin updater (category:base,tabindex:12)
2026-06-16 18:26:15,941 [INFO] PluginManage:310 - Check plugin userauth
2026-06-16 18:26:15,947 [INFO] UserAuth:118 - Init User Auth plugin
2026-06-16 18:26:15,949 [INFO] PluginManage:359 - Loaded plugin userauth (category:base,tabindex:14)
2026-06-16 18:26:15,950 [INFO] PluginManage:283 - PluginManage : Loaded plugins [18]
2026-06-16 18:26:16,223 [INFO] PinOutPanel:1589 - setPackage(No Configuration,No Configuration)
2026-06-16 18:26:16,330 [INFO] CADModel:165 - CPN selected for project level
2026-06-16 18:26:16,330 [INFO] CADModel:114 - Register for checkConnection events
2026-06-16 18:26:16,351 [INFO] IPUIPlugin:80 - create IPUIPlugin
2026-06-16 18:26:16,351 [INFO] PluginManager:220 - loadIPPluginJar : add adc
2026-06-16 18:26:16,356 [INFO] IPUIPlugin:80 - create IPUIPlugin
2026-06-16 18:26:16,356 [INFO] PluginManager:220 - loadIPPluginJar : add aes
2026-06-16 18:26:16,359 [INFO] IPUIPlugin:80 - create IPUIPlugin
2026-06-16 18:26:16,359 [INFO] PluginManager:220 - loadIPPluginJar : add can
2026-06-16 18:26:16,362 [INFO] IPUIPlugin:80 - create IPUIPlugin
2026-06-16 18:26:16,362 [INFO] PluginManager:220 - loadIPPluginJar : add comp
2026-06-16 18:26:16,365 [INFO] IPUIPlugin:80 - create IPUIPlugin
2026-06-16 18:26:16,366 [INFO] PluginManager:220 - loadIPPluginJar : add cryp
2026-06-16 18:26:16,371 [INFO] IPUIPlugin:80 - create IPUIPlugin
2026-06-16 18:26:16,371 [INFO] PluginManager:220 - loadIPPluginJar : add ddr_ctrl_phy
2026-06-16 18:26:16,375 [INFO] IPUIPlugin:80 - create IPUIPlugin
2026-06-16 18:26:16,375 [INFO] PluginManager:220 - loadIPPluginJar : add dfsdm
2026-06-16 18:26:16,381 [INFO] IPUIPlugin:80 - create IPUIPlugin
2026-06-16 18:26:16,381 [INFO] PluginManager:220 - loadIPPluginJar : add dma
2026-06-16 18:26:16,386 [INFO] IPUIPlugin:80 - create IPUIPlugin
2026-06-16 18:26:16,387 [INFO] PluginManager:220 - loadIPPluginJar : add dma3
2026-06-16 18:26:16,391 [INFO] IPUIPlugin:80 - create IPUIPlugin
2026-06-16 18:26:16,391 [INFO] PluginManager:220 - loadIPPluginJar : add extmemmanager
2026-06-16 18:26:16,393 [INFO] IPUIPlugin:80 - create IPUIPlugin
2026-06-16 18:26:16,393 [INFO] PluginManager:220 - loadIPPluginJar : add fatfs
2026-06-16 18:26:16,399 [INFO] IPUIPlugin:80 - create IPUIPlugin
2026-06-16 18:26:16,399 [INFO] PluginManager:220 - loadIPPluginJar : add fmc
2026-06-16 18:26:16,406 [INFO] IPUIPlugin:80 - create IPUIPlugin
2026-06-16 18:26:16,407 [INFO] PluginManager:220 - loadIPPluginJar : add freertos
2026-06-16 18:26:16,409 [INFO] IPUIPlugin:80 - create IPUIPlugin
2026-06-16 18:26:16,409 [INFO] PluginManager:220 - loadIPPluginJar : add genericplugin
2026-06-16 18:26:16,412 [INFO] IPUIPlugin:80 - create IPUIPlugin
2026-06-16 18:26:16,412 [INFO] PluginManager:220 - loadIPPluginJar : add gfxmmu
2026-06-16 18:26:16,418 [INFO] IPUIPlugin:80 - create IPUIPlugin
2026-06-16 18:26:16,418 [INFO] PluginManager:220 - loadIPPluginJar : add gic
2026-06-16 18:26:16,424 [INFO] IPUIPlugin:80 - create IPUIPlugin
2026-06-16 18:26:16,424 [INFO] PluginManager:220 - loadIPPluginJar : add gpio
2026-06-16 18:26:16,427 [INFO] IPUIPlugin:80 - create IPUIPlugin
2026-06-16 18:26:16,427 [INFO] PluginManager:220 - loadIPPluginJar : add gtzc
2026-06-16 18:26:16,431 [INFO] IPUIPlugin:80 - create IPUIPlugin
2026-06-16 18:26:16,431 [INFO] PluginManager:220 - loadIPPluginJar : add hash
2026-06-16 18:26:16,434 [INFO] IPUIPlugin:80 - create IPUIPlugin
2026-06-16 18:26:16,434 [INFO] PluginManager:220 - loadIPPluginJar : add i2c
2026-06-16 18:26:16,438 [INFO] IPUIPlugin:80 - create IPUIPlugin
2026-06-16 18:26:16,438 [INFO] PluginManager:220 - loadIPPluginJar : add i2s
2026-06-16 18:26:16,442 [INFO] IPUIPlugin:80 - create IPUIPlugin
2026-06-16 18:26:16,442 [INFO] PluginManager:220 - loadIPPluginJar : add i3c
2026-06-16 18:26:16,446 [INFO] IPUIPlugin:80 - create IPUIPlugin
2026-06-16 18:26:16,446 [INFO] PluginManager:220 - loadIPPluginJar : add ipddr
2026-06-16 18:26:16,453 [INFO] IPUIPlugin:80 - create IPUIPlugin
2026-06-16 18:26:16,453 [INFO] PluginManager:220 - loadIPPluginJar : add linkedlist
2026-06-16 18:26:16,457 [INFO] IPUIPlugin:80 - create IPUIPlugin
2026-06-16 18:26:16,457 [INFO] PluginManager:220 - loadIPPluginJar : add lorawan
2026-06-16 18:26:16,459 [INFO] IPUIPlugin:80 - create IPUIPlugin
2026-06-16 18:26:16,459 [INFO] PluginManager:220 - loadIPPluginJar : add ltdc
2026-06-16 18:26:16,465 [INFO] IPUIPlugin:80 - create IPUIPlugin
2026-06-16 18:26:16,465 [INFO] PluginManager:220 - loadIPPluginJar : add mdma
2026-06-16 18:26:16,470 [INFO] IPUIPlugin:80 - create IPUIPlugin
2026-06-16 18:26:16,470 [INFO] PluginManager:220 - loadIPPluginJar : add nvic
2026-06-16 18:26:16,474 [INFO] IPUIPlugin:80 - create IPUIPlugin
2026-06-16 18:26:16,474 [INFO] PluginManager:220 - loadIPPluginJar : add opamp
2026-06-16 18:26:16,479 [INFO] IPUIPlugin:80 - create IPUIPlugin
2026-06-16 18:26:16,479 [INFO] PluginManager:220 - loadIPPluginJar : add openamp
2026-06-16 18:26:16,483 [INFO] IPUIPlugin:80 - create IPUIPlugin
2026-06-16 18:26:16,483 [INFO] PluginManager:220 - loadIPPluginJar : add pdm2pcm
2026-06-16 18:26:16,489 [INFO] IPUIPlugin:80 - create IPUIPlugin
2026-06-16 18:26:16,492 [INFO] PluginManager:220 - loadIPPluginJar : add plateformsettings
2026-06-16 18:26:16,495 [INFO] IPUIPlugin:80 - create IPUIPlugin
2026-06-16 18:26:16,496 [INFO] PluginManager:220 - loadIPPluginJar : add quadspi
2026-06-16 18:26:16,497 [INFO] IPUIPlugin:80 - create IPUIPlugin
2026-06-16 18:26:16,498 [INFO] PluginManager:220 - loadIPPluginJar : add radio
2026-06-16 18:26:16,503 [INFO] IPUIPlugin:80 - create IPUIPlugin
2026-06-16 18:26:16,504 [INFO] PluginManager:220 - loadIPPluginJar : add resmgrutility
2026-06-16 18:26:16,508 [INFO] IPUIPlugin:80 - create IPUIPlugin
2026-06-16 18:26:16,509 [INFO] PluginManager:220 - loadIPPluginJar : add sai
2026-06-16 18:26:16,511 [INFO] IPUIPlugin:80 - create IPUIPlugin
2026-06-16 18:26:16,513 [INFO] PluginManager:220 - loadIPPluginJar : add spi
2026-06-16 18:26:16,520 [INFO] IPUIPlugin:80 - create IPUIPlugin
2026-06-16 18:26:16,520 [INFO] PluginManager:220 - loadIPPluginJar : add stm32_wpan
2026-06-16 18:26:16,523 [INFO] IPUIPlugin:80 - create IPUIPlugin
2026-06-16 18:26:16,523 [INFO] PluginManager:220 - loadIPPluginJar : add tim
2026-06-16 18:26:16,529 [INFO] IPUIPlugin:80 - create IPUIPlugin
2026-06-16 18:26:16,529 [INFO] PluginManager:220 - loadIPPluginJar : add touchsensing
2026-06-16 18:26:16,533 [INFO] IPUIPlugin:80 - create IPUIPlugin
2026-06-16 18:26:16,533 [INFO] PluginManager:220 - loadIPPluginJar : add tracer_emb
2026-06-16 18:26:16,536 [INFO] IPUIPlugin:80 - create IPUIPlugin
2026-06-16 18:26:16,536 [INFO] PluginManager:220 - loadIPPluginJar : add ts
2026-06-16 18:26:16,539 [INFO] IPUIPlugin:80 - create IPUIPlugin
2026-06-16 18:26:16,539 [INFO] PluginManager:220 - loadIPPluginJar : add tsc
2026-06-16 18:26:16,543 [INFO] IPUIPlugin:80 - create IPUIPlugin
2026-06-16 18:26:16,543 [INFO] PluginManager:220 - loadIPPluginJar : add ucpd
2026-06-16 18:26:16,549 [INFO] IPUIPlugin:80 - create IPUIPlugin
2026-06-16 18:26:16,549 [INFO] PluginManager:220 - loadIPPluginJar : add usart
2026-06-16 18:26:16,554 [INFO] IPUIPlugin:80 - create IPUIPlugin
2026-06-16 18:26:16,554 [INFO] PluginManager:220 - loadIPPluginJar : add usbx
2026-06-16 18:26:16,699 [FATAL] Updater:351 - Updater called before beeing initialized
2026-06-16 18:26:16,729 [INFO] RulesReader:64 - Compatibility file has been processed (317 Rules)
2026-06-16 18:26:16,739 [INFO] RulesReader:64 - Compatibility file has been processed (317 Rules)
2026-06-16 18:26:16,749 [INFO] CADModel:165 - CPN selected for project level
2026-06-16 18:26:16,749 [INFO] CADModel:114 - Register for checkConnection events
2026-06-16 18:26:16,749 [FATAL] Updater:351 - Updater called before beeing initialized
2026-06-16 18:26:16,749 [ERROR] CADModel:125 - Updater not yet initialized, retry later 
2026-06-16 18:26:16,929 [FATAL] Updater:351 - Updater called before beeing initialized
2026-06-16 18:26:16,931 [INFO] CADModel:165 - CPN selected for project level
2026-06-16 18:26:16,931 [INFO] CADModel:114 - Register for checkConnection events
2026-06-16 18:26:16,931 [FATAL] Updater:351 - Updater called before beeing initialized
2026-06-16 18:26:16,931 [ERROR] CADModel:125 - Updater not yet initialized, retry later 
2026-06-16 18:26:16,936 [FATAL] Updater:351 - Updater called before beeing initialized
2026-06-16 18:26:17,069 [FATAL] Updater:351 - Updater called before beeing initialized
2026-06-16 18:26:17,075 [INFO] DbMcusAds:53 - JSON generation date=Thu Sep 30 08:55:09 SAST 2021 (1632984909247)
2026-06-16 18:26:17,075 [FATAL] Updater:351 - Updater called before beeing initialized
2026-06-16 18:26:17,138 [WARN] DetailPanel:346 - Failed to get advertising image, set to default
2026-06-16 18:26:17,281 [FATAL] Updater:351 - Updater called before beeing initialized
2026-06-16 18:26:17,284 [FATAL] Updater:351 - Updater called before beeing initialized
2026-06-16 18:26:17,284 [FATAL] Updater:351 - Updater called before beeing initialized
2026-06-16 18:26:17,284 [WARN] DetailPanel:346 - Failed to get advertising image, set to default
2026-06-16 18:26:17,285 [FATAL] Updater:351 - Updater called before beeing initialized
2026-06-16 18:26:17,348 [ERROR] Updater:1198 - MainUpdater not yet initialized. External WinMGr cannot be set.
2026-06-16 18:26:17,351 [INFO] Updater:1134 - Updater Version found : 6.15.0
2026-06-16 18:26:17,375 [INFO] ApplicationProperties:184 - Using Application install path: C:\ST\STM32CubeIDE_1.19.0\STM32CubeIDE\plugins\com.st.stm32cube.common.mx_6.15.0.202507011659
2026-06-16 18:26:18,660 [INFO] ThirdPartyUpdaterWithRetryManager:70 - Updater plugin not ready yet. [2/15]
2026-06-16 18:26:18,981 [ERROR] LogOutputStream:75 - [STDERR_REDIRECT] Jun 16, 2026 6:26:18 PM java.util.prefs.WindowsPreferences <init>
2026-06-16 18:26:18,983 [ERROR] LogOutputStream:75 - [STDERR_REDIRECT] WARNING: Could not open/create prefs root node Software\JavaSoft\Prefs at root 0xffffffff80000002. Windows RegCreateKeyEx(...) returned error code 5.
2026-06-16 18:26:18,983 [ERROR] LogOutputStream:75 - [STDERR_REDIRECT] 
2026-06-16 18:26:19,413 [INFO] MainUpdater:2872 - connection check result : 10
2026-06-16 18:26:19,414 [INFO] MainUpdater:289 - Updater Check For Update Now.
2026-06-16 18:26:19,414 [INFO] MicroXplorer:498 - Change Database Version : DB.6.0.150
2026-06-16 18:26:19,423 [INFO] McuFinderGlobals:63 - Set McuFinder mode to 2 (CubeIDE integrated)
2026-06-16 18:26:19,425 [INFO] UserAuth:487 - Internet connection configuration mode: 1
2026-06-16 18:26:19,458 [INFO] JxBrowserEngine:152 - Initiate JxBrowser Engine with user profile folder
2026-06-16 18:26:19,600 [INFO] CheckServerUpdateThread:120 - End of CheckServer Thread
2026-06-16 18:26:20,380 [INFO] WebApp:169 - Instantiating new browser for Auth
2026-06-16 18:26:21,194 [INFO] WebApp:463 - Apply proxy settings
2026-06-16 18:26:21,194 [INFO] WebApp:548 - Chromium requires no authentication
2026-06-16 18:26:21,212 [INFO] WebApp:491 - Direct internet connection detected
2026-06-16 18:26:21,254 [INFO] WebApp:900 - Register for checkConnection events
2026-06-16 18:26:21,254 [INFO] WebApp:463 - Apply proxy settings
2026-06-16 18:26:21,254 [INFO] WebApp:548 - Chromium requires no authentication
2026-06-16 18:26:21,255 [INFO] WebApp:491 - Direct internet connection detected
2026-06-16 18:26:21,481 [INFO] WebApp:225 - Starting web application
2026-06-16 18:26:21,481 [INFO] WebApp:593 - Web application path used C:\ST\STM32CubeIDE_1.19.0\STM32CubeIDE\plugins\com.st.stm32cube.common.mx_6.15.0.202507011659\db\plugins\mcufinder\reactClient1\index.html
2026-06-16 18:26:21,572 [INFO] UserAuth:487 - Internet connection configuration mode: 1
2026-06-16 18:26:22,385 [INFO] WebApp:191 - Connection restablished
2026-06-16 18:26:22,429 [WARN] PackLoader:240 - Cannot read IP mode file for STMicroelectronics.X-CUBE-AZRTOS-H7.3.5.0
2026-06-16 18:26:22,444 [WARN] PackLoader:240 - Cannot read IP mode file for STMicroelectronics.FP-ATR-ASTRA1.2.0.2
2026-06-16 18:26:22,451 [ERROR] Engine:466 - C:\Users\karlh\.stm32cubemx\thirdparties\pdsc\STMicroelectronics.X-CUBE-SMBUS.2.1.1.pdsc: PDSC version is not supported
2026-06-16 18:26:22,472 [WARN] PackLoader:240 - Cannot read IP mode file for STMicroelectronics.X-CUBE-AZRTOS-F7.1.1.0
2026-06-16 18:26:22,483 [WARN] PackLoader:240 - Cannot read IP mode file for STMicroelectronics.FP-SNS-MOTENV1.5.1.0
2026-06-16 18:26:22,497 [WARN] PackLoader:240 - Cannot read IP mode file for WES.I-CUBE-Cesium.1.4.0
2026-06-16 18:26:22,506 [WARN] PackLoader:240 - Cannot read IP mode file for STMicroelectronics.X-CUBE-DISPLAY.3.0.0
2026-06-16 18:26:22,519 [WARN] PackLoader:240 - Cannot read IP mode file for STMicroelectronics.X-CUBE-GNSS1.7.1.1
2026-06-16 18:26:22,526 [WARN] PackLoader:240 - Cannot read IP mode file for STMicroelectronics.FP-SNS-MOTENVWB1.1.5.0
2026-06-16 18:26:22,533 [WARN] PackLoader:240 - Cannot read IP mode file for wolfSSL.I-CUBE-wolfSSL.5.9.1
2026-06-16 18:26:22,541 [WARN] PackLoader:240 - Cannot read IP mode file for STMicroelectronics.X-CUBE-NFC10.1.0.0
2026-06-16 18:26:22,550 [WARN] PackLoader:240 - Cannot read IP mode file for STMicroelectronics.X-CUBE-ST60.1.1.0
2026-06-16 18:26:22,558 [WARN] PackLoader:240 - Cannot read IP mode file for emotas.I-CUBE-CANOPEN.1.3.0
2026-06-16 18:26:22,568 [WARN] PackLoader:240 - Cannot read IP mode file for STMicroelectronics.FP-SNS-STBOX1.2.1.0
2026-06-16 18:26:22,577 [WARN] PackLoader:240 - Cannot read IP mode file for STMicroelectronics.FP-SNS-SMARTAG2.1.2.0
2026-06-16 18:26:22,582 [WARN] PackLoader:240 - Cannot read IP mode file for STMicroelectronics.FP-SNS-FLIGHT1.5.1.0
2026-06-16 18:26:22,592 [INFO] LogOutputStream:77 - [STDOUT_REDIRECT] 1 : Invalid condition id : UX_CORESTACK_Condition cause : null
2026-06-16 18:26:22,593 [INFO] LogOutputStream:77 - [STDOUT_REDIRECT] 1 : Invalid condition id : UX_CORESTACK_Condition cause : null
2026-06-16 18:26:22,594 [INFO] LogOutputStream:77 - [STDOUT_REDIRECT] 1 : Invalid condition id : UX_CORESTACK_Condition cause : null
2026-06-16 18:26:22,596 [INFO] LogOutputStream:77 - [STDOUT_REDIRECT] 1 : Invalid condition id : UX_CORESTACK_Condition cause : null
2026-06-16 18:26:22,597 [INFO] LogOutputStream:77 - [STDOUT_REDIRECT] 1 : Invalid condition id : UX_CORESTACK_Condition cause : null
2026-06-16 18:26:22,600 [WARN] PackLoader:240 - Cannot read IP mode file for STMicroelectronics.X-CUBE-AZRTOS-WL.2.0.0
2026-06-16 18:26:22,620 [WARN] PackLoader:240 - Cannot read IP mode file for STMicroelectronics.X-CUBE-AZRTOS-H7RS.1.2.0
2026-06-16 18:26:22,630 [WARN] PackLoader:240 - Cannot read IP mode file for STMicroelectronics.X-CUBE-BLE2.3.3.0
2026-06-16 18:26:22,682 [WARN] PackLoader:240 - Cannot read IP mode file for Infineon.AIROC-Wi-Fi-Bluetooth-STM32.1.8.0
2026-06-16 18:26:22,696 [WARN] PackLoader:240 - Cannot read IP mode file for STMicroelectronics.X-CUBE-NFC9.1.0.0
2026-06-16 18:26:22,704 [WARN] PackLoader:240 - Cannot read IP mode file for STMicroelectronics.X-CUBE-BLE1.7.1.0
2026-06-16 18:26:22,709 [WARN] PackLoader:240 - Cannot read IP mode file for wolfSSL.I-CUBE-wolfMQTT.1.19.2
2026-06-16 18:26:22,717 [WARN] PackLoader:240 - Cannot read IP mode file for STMicroelectronics.X-CUBE-EEPRMA1.5.2.0
2026-06-16 18:26:22,726 [WARN] PackLoader:240 - Cannot read IP mode file for STMicroelectronics.FP-SNS-STAIOTCFT.1.1.0
2026-06-16 18:26:22,741 [WARN] PackLoader:240 - Cannot read IP mode file for STMicroelectronics.X-CUBE-AZRTOS-G0.1.1.0
2026-06-16 18:26:22,750 [WARN] PackLoader:240 - Cannot read IP mode file for STMicroelectronics.X-CUBE-NFC4.3.0.0
2026-06-16 18:26:22,761 [WARN] PackLoader:240 - Cannot read IP mode file for EmbeddedOffice.I-CUBE-FS-RTOS.1.0.1
2026-06-16 18:26:22,767 [WARN] PackLoader:240 - Cannot read IP mode file for wolfSSL.I-CUBE-wolfTPM.3.8.0
2026-06-16 18:26:22,773 [WARN] PackLoader:240 - Cannot read IP mode file for STMicroelectronics.X-CUBE-TCPP.4.2.0
2026-06-16 18:26:22,781 [WARN] PackLoader:240 - Cannot read IP mode file for RealThread.X-CUBE-RT-Thread_Nano.4.1.1
2026-06-16 18:26:22,787 [WARN] PackLoader:240 - Cannot read IP mode file for STMicroelectronics.FP-ATR-SIGFOX1.3.2.0
2026-06-16 18:26:22,795 [WARN] PackLoader:240 - Cannot read IP mode file for STMicroelectronics.X-CUBE-FREERTOS.1.5.0
2026-06-16 18:26:22,804 [WARN] PackLoader:240 - Cannot read IP mode file for ITTIA_DB.I-CUBE-ITTIADB.8.9.0
2026-06-16 18:26:22,811 [WARN] PackLoader:240 - Cannot read IP mode file for Cesanta.I-CUBE-Mongoose.7.21.7
2026-06-16 18:26:22,822 [WARN] PackLoader:240 - Cannot read IP mode file for STMicroelectronics.X-CUBE-NFC6.3.2.0
2026-06-16 18:26:22,830 [WARN] PackLoader:240 - Cannot read IP mode file for STMicroelectronics.X-CUBE-AI.10.2.0
2026-06-16 18:26:22,873 [WARN] PackLoader:240 - Cannot read IP mode file for STMicroelectronics.X-CUBE-MEMS1.12.1.0
2026-06-16 18:26:22,967 [WARN] PackLoader:240 - Cannot read IP mode file for SEGGER.I-CUBE-embOS.1.3.1
2026-06-16 18:26:23,009 [WARN] PackLoader:240 - Cannot read IP mode file for STMicroelectronics.X-CUBE-NFC13.1.0.0
2026-06-16 18:26:23,015 [WARN] PackLoader:240 - Cannot read IP mode file for STMicroelectronics.X-CUBE-PM33A1.1.0.0
2026-06-16 18:26:23,037 [WARN] PackLoader:240 - Cannot read IP mode file for STMicroelectronics.X-CUBE-AZRTOS-F4.1.1.0
2026-06-16 18:26:23,047 [WARN] PackLoader:240 - Cannot read IP mode file for STMicroelectronics.X-CUBE-ISPU.2.1.0
2026-06-16 18:26:23,063 [WARN] PackLoader:240 - Cannot read IP mode file for STMicroelectronics.X-CUBE-IPS.3.2.0
2026-06-16 18:26:23,096 [WARN] PackLoader:240 - Cannot read IP mode file for STMicroelectronics.eDS-WB_DPC_TT-BIDIR.2.1.1
2026-06-16 18:26:23,106 [WARN] PackLoader:240 - Cannot read IP mode file for STMicroelectronics.X-CUBE-NFC12.1.0.0
2026-06-16 18:26:23,127 [WARN] PackLoader:240 - Cannot read IP mode file for STMicroelectronics.X-CUBE-AZRTOS-L5.2.0.0
2026-06-16 18:26:23,140 [WARN] PackLoader:240 - Cannot read IP mode file for STMicroelectronics.X-CUBE-ALGOBUILD.1.5.0
2026-06-16 18:26:23,147 [WARN] PackLoader:240 - Cannot read IP mode file for STMicroelectronics.eDS-WB_DPC_VIENNA.1.2.0
2026-06-16 18:26:23,152 [WARN] PackLoader:240 - Cannot read IP mode file for STMicroelectronics.eDS-WB_DPC_3PH2L-BIDIR.1.1.1
2026-06-16 18:26:23,157 [ERROR] Engine:466 - C:\Users\karlh\.stm32cubemx\thirdparties\pdsc\STMicroelectronics.X-CUBE-ST67W61.1.3.0.pdsc: PDSC version is not supported
2026-06-16 18:26:23,162 [WARN] PackLoader:240 - Cannot read IP mode file for STMicroelectronics.X-CUBE-TOUCHGFX.4.26.1
2026-06-16 18:26:23,168 [WARN] PackLoader:240 - Cannot read IP mode file for STMicroelectronics.X-CUBE-DPower.1.3.0
2026-06-16 18:26:23,186 [WARN] ConditionMgr:438 - getConditionDescription Invalid condition id : LAN8742 Phy interface Condition cause : null
2026-06-16 18:26:23,187 [WARN] PackLoader:240 - Cannot read IP mode file for STMicroelectronics.X-CUBE-AZRTOS-L4.2.0.0
2026-06-16 18:26:23,188 [WARN] ConditionMgr:1044 - genDependencies : Invalid condition id : LAN8742 Phy interface Condition cause : null
2026-06-16 18:26:23,188 [WARN] ConditionMgr:1044 - genDependencies : Invalid condition id : LAN8742 Phy interface Condition cause : null
2026-06-16 18:26:23,189 [WARN] ConditionMgr:1044 - genDependencies : Invalid condition id : LAN8742 Phy interface Condition cause : null
2026-06-16 18:26:23,198 [WARN] PackLoader:240 - Cannot read IP mode file for STMicroelectronics.X-CUBE-SFXS2LP1.4.0.0
2026-06-16 18:26:23,207 [WARN] PackLoader:240 - Cannot read IP mode file for STMicroelectronics.X-CUBE-WB05N.2.1.0
2026-06-16 18:26:23,219 [WARN] PackLoader:240 - Cannot read IP mode file for STMicroelectronics.X-CUBE-BLEMGR.4.1.0
2026-06-16 18:26:23,233 [WARN] ConditionMgr:438 - getConditionDescription Invalid condition id : UX DEVICE CLASS RTOS Condition cause : null
2026-06-16 18:26:23,234 [WARN] ConditionMgr:438 - getConditionDescription Invalid condition id : UX DEVICE CLASS RTOS Condition cause : null
2026-06-16 18:26:23,236 [WARN] PackLoader:240 - Cannot read IP mode file for STMicroelectronics.X-CUBE-AZRTOS-WB.2.0.0
2026-06-16 18:26:23,236 [WARN] ConditionMgr:1044 - genDependencies : Invalid condition id : UX DEVICE CLASS RTOS Condition cause : null
2026-06-16 18:26:23,237 [WARN] ConditionMgr:1044 - genDependencies : Invalid condition id : UX DEVICE CLASS RTOS Condition cause : null
2026-06-16 18:26:23,237 [WARN] ConditionMgr:1044 - genDependencies : Invalid condition id : UX DEVICE CLASS RTOS Condition cause : null
2026-06-16 18:26:23,237 [WARN] ConditionMgr:1044 - genDependencies : Invalid condition id : UX DEVICE CLASS RTOS Condition cause : null
2026-06-16 18:26:23,237 [WARN] ConditionMgr:1044 - genDependencies : Invalid condition id : UX DEVICE CLASS RTOS Condition cause : null
2026-06-16 18:26:23,244 [WARN] ConditionMgr:438 - getConditionDescription Invalid condition id : Cortex-A Device cause : null
2026-06-16 18:26:23,255 [WARN] ConditionMgr:1044 - genDependencies : Invalid condition id : Cortex-A Device cause : null
2026-06-16 18:26:23,255 [WARN] ConditionMgr:1044 - genDependencies : Invalid condition id : Cortex-A Device cause : null
2026-06-16 18:26:23,255 [WARN] ConditionMgr:1044 - genDependencies : Invalid condition id : Cortex-A Device cause : null
2026-06-16 18:26:23,264 [WARN] PackLoader:240 - Cannot read IP mode file for STMicroelectronics.X-CUBE-STSE01.2.0.0
2026-06-16 18:26:23,278 [WARN] PackLoader:240 - Cannot read IP mode file for STMicroelectronics.X-CUBE-SUBG2.5.0.0
2026-06-16 18:26:23,293 [WARN] PackLoader:240 - Cannot read IP mode file for STMicroelectronics.X-CUBE-AZRTOS-G4.2.0.0
2026-06-16 18:26:23,300 [WARN] PackLoader:240 - Cannot read IP mode file for wolfSSL.I-CUBE-wolfSSH.1.4.20
2026-06-16 18:26:23,306 [WARN] PackLoader:240 - Cannot read IP mode file for STMicroelectronics.X-CUBE-NFC7.2.0.0
2026-06-16 18:26:23,312 [WARN] PackLoader:240 - Cannot read IP mode file for STMicroelectronics.X-CUBE-ALS.1.0.2
2026-06-16 18:26:23,325 [WARN] PackLoader:240 - Cannot read IP mode file for STMicroelectronics.X-CUBE-TOF1.3.4.3
2026-06-16 18:26:23,333 [INFO] ThirdParty:978 - Integrity check success = true
2026-06-16 18:26:23,333 [INFO] IntegrityCheckThread:100 - exiting critical section [integrity check]
2026-06-16 18:26:23,333 [INFO] IntegrityCheckThread:103 - End integrity checks thread
2026-06-16 22:17:06,188 [ERROR] LogOutputStream:75 - [STDERR_REDIRECT] 
